table_create Memos TABLE_NO_KEY
[[0,0.0,0.0],true]
column_create Memos content COLUMN_SCALAR Text
[[0,0.0,0.0],true]
table_create Terms TABLE_PAT_KEY ShortText   --default_tokenizer TokenBigram   --normalizers 'NormalizerNFKC100("unify_kana", true)'
[[0,0.0,0.0],true]
column_create Terms memos_content COLUMN_INDEX Memos content
[[0,0.0,0.0],true]
load --table Memos
[
{"content": "リンゴ"},
{"content": "りんご"}
]
[[0,0.0,0.0],2]
select Terms --output_columns _key --limit -1
[[0,0.0,0.0],[[[3],[["_key","ShortText"]],["ご"],["りん"],["んご"]]]]
