table_create Users TABLE_NO_KEY
[[0,0.0,0.0],true]
column_create Users name COLUMN_SCALAR ShortText
[[0,0.0,0.0],true]
load --table Users
[
{"name": "Tom"},
{"name": "Tomy"},
{"name": "Ken"}
]
[[0,0.0,0.0],3]
select Users --filter 'fuzzy_search(name, "To", 2)'   --output_columns 'name, _score'   --match_escalation_threshold -1
[
  [
    0,
    0.0,
    0.0
  ],
  [
    [
      [
        2
      ],
      [
        [
          "name",
          "ShortText"
        ],
        [
          "_score",
          "Int32"
        ]
      ],
      [
        "Tom",
        1
      ],
      [
        "Tomy",
        1
      ]
    ]
  ]
]
