table_create Users TABLE_NO_KEY
[[0,0.0,0.0],true]
column_create Users name COLUMN_VECTOR ShortText
[[0,0.0,0.0],true]
load --table Users
[
{"name": ["Tom", "Tomy"]},
{"name": ["Tomy", "Tomas"]},
{"name": ["Ken"]}
]
[[0,0.0,0.0],3]
select Users --filter 'fuzzy_search(name, "Tom", 2)'   --output_columns 'name, _score'   --match_escalation_threshold -1
[
  [
    0,
    0.0,
    0.0
  ],
  [
    [
      [
        2
      ],
      [
        [
          "name",
          "ShortText"
        ],
        [
          "_score",
          "Int32"
        ]
      ],
      [
        [
          "Tom",
          "Tomy"
        ],
        1
      ],
      [
        [
          "Tomy",
          "Tomas"
        ],
        1
      ]
    ]
  ]
]
