table_create Values TABLE_NO_KEY
[[0,0.0,0.0],true]
column_create Values value COLUMN_SCALAR UInt32
[[0,0.0,0.0],true]
load --table Values
[
{"value": 4294967295}
]
[[0,0.0,0.0],1]
select Values   --output_columns 'value, value / -1'
[
  [
    0,
    0.0,
    0.0
  ],
  [
    [
      [
        1
      ],
      [
        [
          "value",
          "UInt32"
        ],
        [
          "value",
          "UInt32"
        ]
      ],
      [
        4294967295,
        -4294967295
      ]
    ]
  ]
]
