table_create Users TABLE_NO_KEY
[[0,0.0,0.0],true]
column_create Users name COLUMN_SCALAR ShortText
[[0,0.0,0.0],true]
table_create Terms TABLE_HASH_KEY ShortText --default_tokenizer TokenDelimit
[[0,0.0,0.0],true]
column_create Terms index COLUMN_INDEX Users name
[[0,0.0,0.0],true]
load --table Users
[
{"name": "Alice"},
{"name": "Bob"}
]
[[0,0.0,0.0],2]
select Users --filter 'name @ "Alice "'
[[0,0.0,0.0],[[[0],[["_id","UInt32"],["name","ShortText"]]]]]
