table_create Users TABLE_NO_KEY
[[0,0.0,0.0],true]
column_create Users name COLUMN_SCALAR ShortText
[[0,0.0,0.0],true]
table_create Tags TABLE_PAT_KEY ShortText
[[0,0.0,0.0],true]
column_create Tags tag COLUMN_INDEX Users name
[[0,0.0,0.0],true]
load --table Users
[
{"name": "Tom"},
{"name": "Tomy"},
{"name": "Ken"}
]
[[0,0.0,0.0],3]
select Users --filter 'name @^ "T" && fuzzy_search(name, "To")'   --output_columns 'name, _score'   --match_escalation_threshold -1
[[0,0.0,0.0],[[[1],[["name","ShortText"],["_score","Int32"]],["Tom",2]]]]
