table_create Users TABLE_NO_KEY
[[0,0.0,0.0],true]
column_create Users name COLUMN_SCALAR ShortText
[[0,0.0,0.0],true]
load --table Users
[
["name"],
["Alice"]
]
[[0,0.0,0.0],1]
select Users   --match_columns name   --query "Bo* OR li"
[[0,0.0,0.0],[[[1],[["_id","UInt32"],["name","ShortText"]],[1,"Alice"]]]]
