normalize   'NormalizerHTML'   "a&lt;b&#x80;<b>c</b>&#x3042;d"   WITH_TYPES
[
  [
    0,
    0.0,
    0.0
  ],
  {
    "normalized": "a<b€cあd",
    "types": [
      "alpha",
      "symbol",
      "alpha",
      "symbol",
      "alpha",
      "hiragana",
      "alpha",
      "null"
    ],
    "checks": []
  }
]
