normalize   'NormalizerNFKC("unify_alphabet_diacritical_mark", true)'   "ŹźŻżŽž"   WITH_TYPES
[
  [
    0,
    0.0,
    0.0
  ],
  {
    "normalized": "zzzzzz",
    "types": [
      "alpha",
      "alpha",
      "alpha",
      "alpha",
      "alpha",
      "alpha",
      "null"
    ],
    "checks": [

    ]
  }
]
