plugin_register functions/string
[[0,0.0,0.0],true]
table_create Memos TABLE_HASH_KEY ShortText
[[0,0.0,0.0],true]
load --table Memos
[
{"_key": "Groonga"}
]
[[0,0.0,0.0],1]
select Memos   --output_columns '_key, string_slice(_key, "Groonga", 0, { "unknown_option" : 2 })'
[
  [
    [
      -22,
      0.0,
      0.0
    ],
    "[string_slice][options][parse] unknown option names: <unknown_option>: #<table:hash (nil) key:(nil) value:(nil) size:1 columns:"
  ],
  [
    [
      [
        1
      ],
      [
        [
          "_key",
          "ShortText"
        ],
        [
          "string_slice",
          null
        ]
      ],
      [
        "Groonga",
        "[string_slice][options][parse] unknown option names: <unknown_option>: #<table:hash (nil) key:(nil) value:(nil) size:1 columns:"
      ]
    ]
  ]
]
#|e| [string_slice][options][parse] unknown option names: <unknown_option>: #<table:hash (nil) key:(nil) value:(nil) size:1 columns:[] default_tokenizer:(nil) normalizer:(nil) keys:["unknown_option"] subrec:none>
