plugin_register sharding
[[0,0.0,0.0],true]
table_create Logs_20170315 TABLE_NO_KEY
[[0,0.0,0.0],true]
column_create Logs_20170315 timestamp COLUMN_SCALAR Time
[[0,0.0,0.0],true]
column_create Logs_20170315 price COLUMN_SCALAR UInt32
[[0,0.0,0.0],true]
load --table Logs_20170315
[
]
[[0,0.0,0.0],0]
table_create Times TABLE_PAT_KEY Time
[[0,0.0,0.0],true]
column_create Times logs_20170315 COLUMN_INDEX Logs_20170315 timestamp
[[0,0.0,0.0],true]
log_level --level debug
[[0,0.0,0.0],true]
logical_range_filter Logs   --shard_key timestamp   --columns[price_with_tax].stage initial   --columns[price_with_tax].type UInt32   --columns[price_with_tax].flags COLUMN_SCALAR   --columns[price_with_tax].value 'price * 1.08'   --offset 1   --limit 3   --output_columns price,price_with_tax
[[0,0.0,0.0],[[["price","UInt32"],["price_with_tax","UInt32"]]]]
#>logical_range_filter --columns[price_with_tax].flags "COLUMN_SCALAR" --columns[price_with_tax].stage "initial" --columns[price_with_tax].type "UInt32" --columns[price_with_tax].value "price * 1.08" --limit "3" --logical_table "Logs" --offset "1" --output_columns "price,price_with_tax" --shard_key "timestamp"
#:000000000000000 columns[price_with_tax](0)
#:000000000000000 output(0)
#<000000000000000 rc=0
log_level --level notice
[[0,0.0,0.0],true]
