table_create --name Users --flags TABLE_PAT_KEY|KEY_LARGE --key_type ShortText
[[0,0.0,0.0],true]
object_inspect --name Users
[
  [
    0,
    0.0,
    0.0
  ],
  {
    "id": 256,
    "name": "Users",
    "type": {
      "id": 49,
      "name": "table:pat_key"
    },
    "key": {
      "type": {
        "id": 14,
        "name": "ShortText",
        "type": {
          "id": 32,
          "name": "type"
        },
        "size": 4096
      },
      "total_size": 0,
      "max_total_size": 1099511627775
    },
    "value": {
      "type": null
    },
    "n_records": 0,
    "disk_usage": 0
  }
]
