table_create Entries TABLE_NO_KEY
[[0,0.0,0.0],true]
column_create Entries body COLUMN_SCALAR ShortText
[[0,0.0,0.0],true]
load --table Entries
[
{"body": "Mroonga is a ＭｙＳＱＬ storage engine based on Groonga. <b>Rroonga</b> is a Ruby binding of Groonga."}
]
[[0,0.0,0.0],1]
select Entries --output_columns   'highlight_full(body, "TokenBigram", true,   "Groonga", "<span class=\\"keyword1\\">", "</span>",   "mysql", "<span class=\\"keyword2\\">", "</span>")'
[
  [
    [
      -22,
      0.0,
      0.0
    ],
    "[info][set][normalizers][(anonymous)] invalid normalizers: <TokenBigram>"
  ],
  [
    [
      [
        1
      ],
      [
        [
          "highlight_full",
          null
        ]
      ],
      [
        "[info][set][normalizers][(anonymous)] invalid normalizers: <TokenBigram>"
      ]
    ]
  ]
]
#|e| [info][set][normalizers][(anonymous)] invalid normalizers: <TokenBigram>
