table_create Substitutions TABLE_PAT_KEY ShortText
[[0,0.0,0.0],true]
column_create Substitutions substituted COLUMN_SCALAR ShortText
[[0,0.0,0.0],true]
table_create Terms TABLE_PAT_KEY ShortText   --default_tokenizer TokenBigram   --normalizers 'NormalizerNFKC130("unify_kana", true),                  NormalizerTable("column", "Substitutions.substituted")'
[[0,0.0,0.0],true]
dump
table_create Substitutions TABLE_PAT_KEY ShortText
column_create Substitutions substituted COLUMN_SCALAR ShortText

table_create Terms TABLE_PAT_KEY ShortText --default_tokenizer TokenBigram --normalizer "NormalizerNFKC130(\"unify_kana\", true), NormalizerTable(\"column\", \"Substitutions.substituted\")"
