normalize NormalizerAuto "ｱ㌕ＡZ" WITH_CHECKS
[
  [
    0,
    0.0,
    0.0
  ],
  {
    "normalized": "アキログラムaz",
    "types": [],
    "checks": [
      3,
      0,
      0,
      3,
      0,
      0,
      -1,
      0,
      0,
      -1,
      0,
      0,
      -1,
      0,
      0,
      -1,
      0,
      0,
      3,
      1
    ]
  }
]
