normalize   'NormalizerNFKC("unify_katakana_v_sounds", true,                   "report_source_offset", true)'   "ヴァヴィヴヴェヴォヴ"   WITH_CHECKS|WITH_TYPES
[
  [
    0,
    0.0,
    0.0
  ],
  {
    "normalized": "バビブベボブ",
    "types": [
      "katakana",
      "katakana",
      "katakana",
      "katakana",
      "katakana",
      "katakana",
      "null"
    ],
    "checks": [
      6,
      0,
      0,
      6,
      0,
      0,
      3,
      0,
      0,
      6,
      0,
      0,
      6,
      0,
      0,
      3,
      0,
      0
    ],
    "offsets": [
      0,
      6,
      12,
      15,
      21,
      27,
      30
    ]
  }
]
