normalize   'NormalizerNFKC130("unify_kana_prolonged_sound_mark", true,                      "report_source_offset", true)'   "たーちーつーてーとー"   WITH_CHECKS|WITH_TYPES
[
  [
    0,
    0.0,
    0.0
  ],
  {
    "normalized": "たあちいつうてえとお",
    "types": [
      "hiragana",
      "hiragana",
      "hiragana",
      "hiragana",
      "hiragana",
      "hiragana",
      "hiragana",
      "hiragana",
      "hiragana",
      "hiragana"
    ],
    "checks": [
      3,
      0,
      0,
      3,
      0,
      0,
      3,
      0,
      0,
      3,
      0,
      0,
      3,
      0,
      0,
      3,
      0,
      0,
      3,
      0,
      0,
      3,
      0,
      0,
      3,
      0,
      0,
      3,
      0,
      0
    ],
    "offsets": [
      0,
      3,
      6,
      9,
      12,
      15,
      18,
      21,
      24,
      27
    ]
  }
]
