tokenize TokenMecab '日本\n'
[
  [
    0,
    0.0,
    0.0
  ],
  [
    {
      "value": "日本",
      "position": 0,
      "force_prefix": false,
      "force_prefix_search": false
    }
  ]
]
