table_create Words TABLE_PAT_KEY ShortText --normalizer NormalizerAuto
[[0,0.0,0.0],true]
load --table Words
[
{"_key": "groonga"}
]
[[0,0.0,0.0],1]
select Words --filter '_key *T ""'
[[0,0.0,0.0],[[[0],[["_id","UInt32"],["_key","ShortText"]]]]]
