normalize   'NormalizerNFKC("unify_latin_alphabet_with", true)'   "Țț"   WITH_TYPES
[[0,0.0,0.0],{"normalized":"tt","types":["alpha","alpha","null"],"checks":[]}]
