table_create Memos TABLE_HASH_KEY ShortText
[[0,0.0,0.0],true]
column_create Memos content COLUMN_SCALAR Text
[[0,0.0,0.0],true]
io_flush
[[0,0.0,0.0],true]
load --table Memos
[
{"_key": "chunk: 8B <= && <= 64KiB", "content": "chunkXXX"}
]
[[0,0.0,0.0],1]
check --obj Memos.content
[
  [
    0,
    0.0,
    0.0
  ],
  {
    "details": {
      "segments": [
        {
          "id": 0,
          "type": 3,
          "type_name": "element info",
          "element_info_index": 0,
          "referred_segment": 0,
          "valid": true
        },
        {
          "id": 1,
          "type": 0,
          "type_name": "chunk",
          "variation": 0
        }
      ],
      "garbage_counts": {},
      "free_elements": {
        "0": {
          "segment": 1,
          "position": 8,
          "valid": true
        }
      }
    },
    "summary": {
      "flags": "0000C000",
      "curr seg": 0,
      "curr pos": 4194304,
      "max_element_size": 65536,
      "chunk_threshold": 16,
      "n_element_variations": 14,
      "n_using_segments": 2,
      "valid": true
    }
  }
]
select Memos
[
  [
    0,
    0.0,
    0.0
  ],
  [
    [
      [
        1
      ],
      [
        [
          "_id",
          "UInt32"
        ],
        [
          "_key",
          "ShortText"
        ],
        [
          "content",
          "Text"
        ]
      ],
      [
        1,
        "chunk: 8B <= && <= 64KiB",
        "chunkXXX"
      ]
    ]
  ]
]
_database_close
[[0,0.0,0.0],true]
_database_reopen
[[0,0.0,0.0],true]
select Memos
[
  [
    0,
    0.0,
    0.0
  ],
  [
    [
      [
        1
      ],
      [
        [
          "_id",
          "UInt32"
        ],
        [
          "_key",
          "ShortText"
        ],
        [
          "content",
          "Text"
        ]
      ],
      [
        1,
        "chunk: 8B <= && <= 64KiB",
        "chunkXXX"
      ]
    ]
  ]
]
check --obj Memos.content
[
  [
    0,
    0.0,
    0.0
  ],
  {
    "details": {
      "segments": [
        {
          "id": 0,
          "type": 3,
          "type_name": "element info",
          "element_info_index": 0,
          "referred_segment": 0,
          "valid": true
        },
        {
          "id": 1,
          "type": 0,
          "type_name": "chunk",
          "variation": 0
        }
      ],
      "garbage_counts": {},
      "free_elements": {
        "0": {
          "segment": 1,
          "position": 8,
          "valid": true
        }
      }
    },
    "summary": {
      "flags": "0000C000",
      "curr seg": 0,
      "curr pos": 4194304,
      "max_element_size": 65536,
      "chunk_threshold": 16,
      "n_element_variations": 14,
      "n_using_segments": 2,
      "valid": true
    }
  }
]
