normalize   'NormalizerNFKC100("unify_to_katakana", true,                      "report_source_offset", true)'   "ゔゕゖゝゞゟ"   WITH_CHECKS|WITH_TYPES
[
  [
    0,
    0.0,
    0.0
  ],
  {
    "normalized": "ヴヵヶヽヾヨリ",
    "types": [
      "katakana",
      "katakana",
      "katakana",
      "katakana",
      "katakana",
      "katakana",
      "katakana"
    ],
    "checks": [
      3,
      0,
      0,
      3,
      0,
      0,
      3,
      0,
      0,
      3,
      0,
      0,
      3,
      0,
      0,
      3,
      0,
      0,
      -1,
      0,
      0
    ],
    "offsets": [
      0,
      3,
      6,
      9,
      12,
      15,
      15
    ]
  }
]
