normalize   'NormalizerNFKC("unify_latin_alphabet_with", true)'   "ĜĝĞğĠġĢģ"   WITH_TYPES
[
  [
    0,
    0.0,
    0.0
  ],
  {
    "normalized": "gggggggg",
    "types": [
      "alpha",
      "alpha",
      "alpha",
      "alpha",
      "alpha",
      "alpha",
      "alpha",
      "alpha",
      "null"
    ],
    "checks": [

    ]
  }
]
