table_create Entries TABLE_NO_KEY
[[0,0.0,0.0],true]
column_create Entries content COLUMN_SCALAR Text
[[0,0.0,0.0],true]
table_create Terms TABLE_PAT_KEY ShortText   --default_tokenizer TokenNgram   --normalizer NormalizerNFKC150
[[0,0.0,0.0],true]
column_create Terms entries_content COLUMN_INDEX|WITH_POSITION Entries content
[[0,0.0,0.0],true]
load --table Entries
[
{"content": "a x a"},
{"content": "ab x ab"},
{"content": "abc x abc"},
{"content": "abc x x abc"}
]
[[0,0.0,0.0],4]
select Entries   --filter 'content *NPP1 "(abc abc)"'   --output_columns '_id, content'
[
  [
    0,
    0.0,
    0.0
  ],
  [
    [
      [
        2
      ],
      [
        [
          "_id",
          "UInt32"
        ],
        [
          "content",
          "Text"
        ]
      ],
      [
        3,
        "abc x abc"
      ],
      [
        4,
        "abc x x abc"
      ]
    ]
  ]
]
