table_create Memos TABLE_PAT_KEY ShortText
[[0,0.0,0.0],true]
column_create Memos content COLUMN_SCALAR ShortText
[[0,0.0,0.0],true]
table_create Terms TABLE_PAT_KEY ShortText   --default_tokenizer TokenBigram   --normalizer NormalizerAuto
[[0,0.0,0.0],true]
column_create Terms memos_content COLUMN_INDEX|WITH_POSITION Memos content
[[0,0.0,0.0],true]
load --table Memos
[
{"_key":"alphabets1", "content": "a b c"}
]
[[0,0.0,0.0],1]
select --table Memos --match_columns content --query '*N"c b a"' --output_columns _score,_key
[
  [
    0,
    0.0,
    0.0
  ],
  [
    [
      [
        1
      ],
      [
        [
          "_score",
          "Int32"
        ],
        [
          "_key",
          "ShortText"
        ]
      ],
      [
        1,
        "alphabets1"
      ]
    ]
  ]
]
