plugin_register sharding
[[0,0.0,0.0],true]
table_create Logs_20150205 TABLE_NO_KEY
[[0,0.0,0.0],true]
column_create Logs_20150205 timestamp COLUMN_SCALAR Time
[[0,0.0,0.0],true]
column_create Logs_20150205 memo COLUMN_SCALAR ShortText
[[0,0.0,0.0],true]
table_create Timestamp_20150205 TABLE_PAT_KEY Time
[[0,0.0,0.0],true]
column_create Timestamp_20150205 index COLUMN_INDEX Logs_20150205 timestamp
[[0,0.0,0.0],true]
load --table Logs_20150205
[
{
  "timestamp": "2015-02-05 13:49:00",
       "memo": "2015-02-05 13:49:00"
},
{
  "timestamp": "2015-02-05 13:50:00",
       "memo": "2015-02-05 13:50:00"
},
{
  "timestamp": "2015-02-05 13:51:00",
       "memo": "2015-02-05 13:51:00"
},
{
  "timestamp": "2015-02-05 13:52:00",
       "memo": "2015-02-05 13:52:00"
}
]
[[0,0.0,0.0],4]
log_level --level debug
[[0,0.0,0.0],true]
logical_range_filter Logs timestamp   --limit -1   --filter 'between(timestamp, "2015-02-05 13:50:00", "include", "2015-02-05 13:52:00", "exclude")'
[
  [
    0,
    0.0,
    0.0
  ],
  [
    [
      [
        "memo",
        "ShortText"
      ],
      [
        "timestamp",
        "Time"
      ]
    ],
    [
      "2015-02-05 13:50:00",
      1423111800.0
    ],
    [
      "2015-02-05 13:51:00",
      1423111860.0
    ]
  ]
]
#|d| [logical_range_filter][select] <Logs_20150205>: limit is negative: <-1>
#>logical_range_filter --filter "between(timestamp, \"2015-02-05 13:50:00\", \"include\", \"2015-02-05 13:52:00\", \"exclude\")" --limit "-1" --logical_table "Logs" --shard_key "timestamp"
#:000000000000000 filter(2): between(Logs_20150205.timestamp, "2015-02-05 13:50:00", "include", "2015-02-05 13:52:00", "exclude")
#:000000000000000 sort(2)[Logs_20150205]: timestamp
#:000000000000000 output(2)
#<000000000000000 rc=0
log_level --level notice
[[0,0.0,0.0],true]
