normalize   'NormalizerNFKC130("unify_kana_hyphen", true,                      "report_source_offset", true)'   "パ-ピ-プ-ペ-ポ-"   WITH_CHECKS|WITH_TYPES
[
  [
    0,
    0.0,
    0.0
  ],
  {
    "normalized": "パアピイプウペエポオ",
    "types": [
      "katakana",
      "katakana",
      "katakana",
      "katakana",
      "katakana",
      "katakana",
      "katakana",
      "katakana",
      "katakana",
      "katakana"
    ],
    "checks": [
      3,
      0,
      0,
      1,
      0,
      0,
      3,
      0,
      0,
      1,
      0,
      0,
      3,
      0,
      0,
      1,
      0,
      0,
      3,
      0,
      0,
      1,
      0,
      0,
      3,
      0,
      0,
      1,
      0,
      0
    ],
    "offsets": [
      0,
      3,
      4,
      7,
      8,
      11,
      12,
      15,
      16,
      19
    ]
  }
]
